
========================================================
 Extra Advance Build System - Prometheus Obfuscation
========================================================

[*] Checking Lua...
[OK] Lua detected
[*] Backing up Main/...
[*] Running Prometheus Obfuscator...

============================================================
  Luau Obfuscator - Prometheus Backend
  Preset : Strong
  Source : C:\Users\AdminP\Documents\GitHub\Extra-Advance\Source
  Output : C:\Users\AdminP\Documents\GitHub\Extra-Advance\Main
============================================================

[OK] Using Lua binary: lua

[*] Found 14 file(s)

[*] KeySystem.lua
  [OK] 3788 тЖТ 99848 bytes
[*] Loader.lua
  [OK] 3272 тЖТ 105225 bytes
[*] Games\Rivals\Config.lua
  [OK] 720 тЖТ 33889 bytes
[*] Games\Rivals\Main.lua
  [OK] 2162 тЖТ 68605 bytes
[*] Games\Rivals\Callback\AimAssist.lua
  [ERROR] Prometheus failed:
lua: ...b\Extra-Advance\BuildTools\Prometheus\src\logger.lua:54: Parsing Error at Position 31:43, unexpected token <Keyword> "end", expected <Symbol> "="
stack traceback:
	[C]: in function 'error'
	...b\Extra-Advance\BuildTools\Prometheus\src\logger.lua:54: in function 'errorCallback'
	...b\Extra-Advance\BuildTools\Prometheus\src\logger.lua:57: in function 'error'
	...ance\BuildTools\Prometheus\src\prometheus\parser.lua:134: in function 'expect'
	...ance\BuildTools\Prometheus\src\prometheus\parser.lua:472: in function 'statement'
	...ance\BuildTools\Prometheus\src\prometheus\parser.lua:171: in function 'block'
	...ance\BuildTools\Prometheus\src\prometheus\parser.lua:249: in function 'statement'
	...ance\BuildTools\Prometheus\src\prometheus\parser.lua:171: in function 'block'
	...ance\BuildTools\Prometheus\src\prometheus\parser.lua:380: in function 'statement'
	...ance\BuildTools\Prometheus\src\prometheus\parser.lua:171: in function 'block'
	...ance\BuildTools\Prometheus\src\prometheus\parser.lua:314: in function 'statement'
	...ance\BuildTools\Prometheus\src\prometheus\parser.lua:171: in function 'block'
	...ance\BuildTools\Prometheus\src\prometheus\parser.lua:149: in function 'parse'
	...ce\BuildTools\Prometheus\src\prometheus\pipeline.lua:178: in function 'apply'
	...tHub\Extra-Advance\BuildTools\Prometheus\src\cli.lua:148: in main chunk
	[C]: ?

[*] Games\Universal\Config.lua
  [OK] 2058 тЖТ 55463 bytes
[*] Games\Universal\Main.lua
  [OK] 13593 тЖТ 328251 bytes
[*] Games\Universal\Callback\Aimbot.lua
  [ERROR] Prometheus failed:
lua: ...b\Extra-Advance\BuildTools\Prometheus\src\logger.lua:54: Parsing Error at Position 29:46, unexpected token <Keyword> "end", expected <Symbol> "="
stack traceback:
	[C]: in function 'error'
	...b\Extra-Advance\BuildTools\Prometheus\src\logger.lua:54: in function 'errorCallback'
	...b\Extra-Advance\BuildTools\Prometheus\src\logger.lua:57: in function 'error'
	...ance\BuildTools\Prometheus\src\prometheus\parser.lua:134: in function 'expect'
	...ance\BuildTools\Prometheus\src\prometheus\parser.lua:472: in function 'statement'
	...ance\BuildTools\Prometheus\src\prometheus\parser.lua:171: in function 'block'
	...ance\BuildTools\Prometheus\src\prometheus\parser.lua:249: in function 'statement'
	...ance\BuildTools\Prometheus\src\prometheus\parser.lua:171: in function 'block'
	...ance\BuildTools\Prometheus\src\prometheus\parser.lua:380: in function 'statement'
	...ance\BuildTools\Prometheus\src\prometheus\parser.lua:171: in function 'block'
	...ance\BuildTools\Prometheus\src\prometheus\parser.lua:294: in function 'statement'
	...ance\BuildTools\Prometheus\src\prometheus\parser.lua:171: in function 'block'
	...ance\BuildTools\Prometheus\src\prometheus\parser.lua:149: in function 'parse'
	...ce\BuildTools\Prometheus\src\prometheus\pipeline.lua:178: in function 'apply'
	...tHub\Extra-Advance\BuildTools\Prometheus\src\cli.lua:148: in main chunk
	[C]: ?

[*] Games\Universal\Callback\Desync.lua
  [OK] 4015 тЖТ 122968 bytes
[*] Games\Universal\Callback\ESP.lua
  [ERROR] Prometheus failed:
lua: ...b\Extra-Advance\BuildTools\Prometheus\src\logger.lua:54: Parsing Error at Position 143:24, unexpected token <Keyword> "end", expected <Symbol> "="
stack traceback:
	[C]: in function 'error'
	...b\Extra-Advance\BuildTools\Prometheus\src\logger.lua:54: in function 'errorCallback'
	...b\Extra-Advance\BuildTools\Prometheus\src\logger.lua:57: in function 'error'
	...ance\BuildTools\Prometheus\src\prometheus\parser.lua:134: in function 'expect'
	...ance\BuildTools\Prometheus\src\prometheus\parser.lua:472: in function 'statement'
	...ance\BuildTools\Prometheus\src\prometheus\parser.lua:171: in function 'block'
	...ance\BuildTools\Prometheus\src\prometheus\parser.lua:249: in function 'statement'
	...ance\BuildTools\Prometheus\src\prometheus\parser.lua:171: in function 'block'
	...ance\BuildTools\Prometheus\src\prometheus\parser.lua:380: in function 'statement'
	...ance\BuildTools\Prometheus\src\prometheus\parser.lua:171: in function 'block'
	...
	(tail call): ?
	...ance\BuildTools\Prometheus\src\prometheus\parser.lua:503: in function 'exprList'
	...ance\BuildTools\Prometheus\src\prometheus\parser.lua:474: in function 'statement'
	...ance\BuildTools\Prometheus\src\prometheus\parser.lua:171: in function 'block'
	...ance\BuildTools\Prometheus\src\prometheus\parser.lua:294: in function 'statement'
	...ance\BuildTools\Prometheus\src\prometheus\parser.lua:171: in function 'block'
	...ance\BuildTools\Prometheus\src\prometheus\parser.lua:149: in function 'parse'
	...ce\BuildTools\Prometheus\src\prometheus\pipeline.lua:178: in function 'apply'
	...tHub\Extra-Advance\BuildTools\Prometheus\src\cli.lua:148: in main chunk
	[C]: ?

[*] Games\Universal\Callback\Fly.lua
  [OK] 2940 тЖТ 98940 bytes
[*] Games\Universal\Callback\Movement.lua
  [OK] 4510 тЖТ 142915 bytes
[*] Games\Universal\Callback\SilentAimbot.lua
  [ERROR] Prometheus failed:
lua: ...b\Extra-Advance\BuildTools\Prometheus\src\logger.lua:54: Parsing Error at Position 26:46, unexpected token <Keyword> "end", expected <Symbol> "="
stack traceback:
	[C]: in function 'error'
	...b\Extra-Advance\BuildTools\Prometheus\src\logger.lua:54: in function 'errorCallback'
	...b\Extra-Advance\BuildTools\Prometheus\src\logger.lua:57: in function 'error'
	...ance\BuildTools\Prometheus\src\prometheus\parser.lua:134: in function 'expect'
	...ance\BuildTools\Prometheus\src\prometheus\parser.lua:472: in function 'statement'
	...ance\BuildTools\Prometheus\src\prometheus\parser.lua:171: in function 'block'
	...ance\BuildTools\Prometheus\src\prometheus\parser.lua:249: in function 'statement'
	...ance\BuildTools\Prometheus\src\prometheus\parser.lua:171: in function 'block'
	...ance\BuildTools\Prometheus\src\prometheus\parser.lua:380: in function 'statement'
	...ance\BuildTools\Prometheus\src\prometheus\parser.lua:171: in function 'block'
	...ance\BuildTools\Prometheus\src\prometheus\parser.lua:294: in function 'statement'
	...ance\BuildTools\Prometheus\src\prometheus\parser.lua:171: in function 'block'
	...ance\BuildTools\Prometheus\src\prometheus\parser.lua:149: in function 'parse'
	...ce\BuildTools\Prometheus\src\prometheus\pipeline.lua:178: in function 'apply'
	...tHub\Extra-Advance\BuildTools\Prometheus\src\cli.lua:148: in main chunk
	[C]: ?

[*] Games\Universal\Callback\Visual.lua
  [OK] 3866 тЖТ 118812 bytes

============================================================
  [WARN] 10/14 succeeded
============================================================

[ERROR] Obfuscation failed See output above.
